// Jest Snapshot v1, https://goo.gl/fbAQLP

exports[`TelemetryProvider rendering renders the children 1`] = `<fake-children />`;
